2026-10-02 07:00:25,644 INFO [NiFi Web Server-129] o.a.n.c.s.StandardProcessScheduler Starting SplitRecord[id=e5838657-9bc2-3205-2b80-b40619ba5b85]
2026-10-02 07:00:25,644 INFO [NiFi Web Server-129] o.a.n.c.s.StandardProcessScheduler Starting QueryRecord[id=d4c5f1d5-9531-3f1e-372a-e36a9888e232]
2026-10-02 07:00:25,644 INFO [NiFi Web Server-129] o.a.n.c.s.StandardProcessScheduler Starting UpdateAttribute[id=0d046f85-c4c6-3f87-3ac6-783ebf4df0b5]
2026-10-02 07:00:25,645 INFO [NiFi Web Server-129] o.a.n.c.s.StandardProcessScheduler Starting GetFile[id=40f37922-f21c-3b4f-db16-ab411a9c7710]
2026-10-02 07:00:25,645 INFO [Timer-Driven Process Thread-1] o.a.n.c.s.TimerDrivenSchedulingAgent Scheduled SplitRecord[id=e5838657-9bc2-3205-2b80-b40619ba5b85] to run with 1 threads
2026-10-02 07:00:25,645 INFO [Timer-Driven Process Thread-5] o.a.n.c.s.TimerDrivenSchedulingAgent Scheduled QueryRecord[id=d4c5f1d5-9531-3f1e-372a-e36a9888e232] to run with 1 threads
2026-10-02 07:00:25,645 INFO [Timer-Driven Process Thread-6] o.a.n.c.s.TimerDrivenSchedulingAgent Scheduled UpdateAttribute[id=0d046f85-c4c6-3f87-3ac6-783ebf4df0b5] to run with 1 threads
2026-10-02 07:00:25,654 INFO [NiFi Web Server-129] o.a.n.c.s.StandardProcessScheduler Starting PutFile[id=af653da5-bfa3-35d6-8fcf-8b220cdda04e]
2026-10-02 07:00:25,654 INFO [Timer-Driven Process Thread-3] o.a.n.c.s.TimerDrivenSchedulingAgent Scheduled GetFile[id=40f37922-f21c-3b4f-db16-ab411a9c7710] to run with 1 threads
2026-10-02 07:00:25,654 INFO [Timer-Driven Process Thread-4] o.a.n.c.s.TimerDrivenSchedulingAgent Scheduled PutFile[id=af653da5-bfa3-35d6-8fcf-8b220cdda04e] to run with 1 threads
2026-10-02 07:00:25,655 ERROR [Timer-Driven Process Thread-8] o.a.nifi.processors.standard.SplitRecord SplitRecord[id=e5838657-9bc2-3205-2b80-b40619ba5b85] Processing halted: yielding [1 sec]
2026-10-02 07:00:25,685 WARN [Timer-Driven Process Thread-8] o.a.n.controller.tasks.ConnectableTask Processing halted: uncaught exception in Component [SplitRecord[id=e5838657-9bc2-3205-2b80-b40619ba5b85]]
2026-10-02 07:00:25,758 INFO [NiFi Web Server-129] o.a.n.c.s.StandardProcessScheduler Starting UpdateAttribute[id=3689c434-7e88-3ab2-696a-561d6b115ee2]
2026-10-02 07:00:25,759 INFO [NiFi Web Server-129] o.a.n.c.s.StandardProcessScheduler Starting QueryRecord[id=ffe1c15d-a354-352c-7f01-7a1ddaa0933e]
2026-10-02 07:00:25,759 INFO [NiFi Web Server-129] o.a.n.c.s.StandardProcessScheduler Starting SplitRecord[id=2fd03b42-5115-3aa6-e4f6-66e0dcbf3faa]
2026-10-02 07:00:25,759 INFO [NiFi Web Server-129] o.a.n.c.s.StandardProcessScheduler Starting PutFile[id=a7a9d823-4a75-37e5-affe-6ffd25d80824]
2026-10-02 07:00:25,759 INFO [Timer-Driven Process Thread-5] o.a.n.c.s.TimerDrivenSchedulingAgent Scheduled QueryRecord[id=ffe1c15d-a354-352c-7f01-7a1ddaa0933e] to run with 1 threads
2026-10-02 07:00:25,759 INFO [Timer-Driven Process Thread-3] o.a.n.c.s.TimerDrivenSchedulingAgent Scheduled SplitRecord[id=2fd03b42-5115-3aa6-e4f6-66e0dcbf3faa] to run with 1 threads
2026-10-02 07:00:25,759 INFO [NiFi Web Server-129] o.a.n.c.s.StandardProcessScheduler Starting GetFile[id=119a6213-e0eb-3ef5-4961-0d42bada9109]
2026-10-02 07:00:25,759 INFO [Timer-Driven Process Thread-9] o.a.n.c.s.TimerDrivenSchedulingAgent Scheduled PutFile[id=a7a9d823-4a75-37e5-affe-6ffd25d80824] to run with 1 threads
2026-10-02 07:00:25,760 INFO [Timer-Driven Process Thread-2] o.a.n.c.s.TimerDrivenSchedulingAgent Scheduled GetFile[id=119a6213-e0eb-3ef5-4961-0d42bada9109] to run with 1 threads
2026-10-02 07:00:25,760 INFO [Timer-Driven Process Thread-7] o.a.n.c.s.TimerDrivenSchedulingAgent Scheduled UpdateAttribute[id=3689c434-7e88-3ab2-696a-561d6b115ee2] to run with 1 threads
2026-10-02 07:00:25,761 ERROR [Timer-Driven Process Thread-1] o.a.nifi.processors.standard.SplitRecord SplitRecord[id=2fd03b42-5115-3aa6-e4f6-66e0dcbf3faa] Processing halted: yielding [1 sec]
2026-10-02 07:00:25,761 WARN [Timer-Driven Process Thread-1] o.a.n.controller.tasks.ConnectableTask Processing halted: uncaught exception in Component [SplitRecord[id=2fd03b42-5115-3aa6-e4f6-66e0dcbf3faa]]
2026-10-02 07:00:25,783 INFO [NiFi Web Server-129] o.a.n.c.s.StandardProcessScheduler Starting PutFile[id=499c3c26-b0f1-35e4-ae51-112e8a14f083]
2026-10-02 07:00:25,783 INFO [NiFi Web Server-129] o.a.n.c.s.StandardProcessScheduler Starting UpdateAttribute[id=1a7f74a1-cd01-3d73-df41-69c347930cf2]
2026-10-02 07:00:25,783 INFO [NiFi Web Server-129] o.a.n.c.s.StandardProcessScheduler Starting QueryRecord[id=90211928-2356-33d0-2349-a2713a367351]
2026-10-02 07:00:25,783 INFO [Timer-Driven Process Thread-3] o.a.n.c.s.TimerDrivenSchedulingAgent Scheduled PutFile[id=499c3c26-b0f1-35e4-ae51-112e8a14f083] to run with 1 threads
2026-10-02 07:00:25,783 INFO [NiFi Web Server-129] o.a.n.c.s.StandardProcessScheduler Starting GetFile[id=eac0eab2-d62c-3088-f950-c4f24de4450c]
2026-10-02 07:00:25,784 INFO [Timer-Driven Process Thread-9] o.a.n.c.s.TimerDrivenSchedulingAgent Scheduled QueryRecord[id=90211928-2356-33d0-2349-a2713a367351] to run with 1 threads
2026-10-02 07:00:25,784 INFO [Timer-Driven Process Thread-6] o.a.n.c.s.TimerDrivenSchedulingAgent Scheduled GetFile[id=eac0eab2-d62c-3088-f950-c4f24de4450c] to run with 1 threads
2026-10-02 07:00:25,784 INFO [Timer-Driven Process Thread-7] o.a.n.c.s.TimerDrivenSchedulingAgent Scheduled UpdateAttribute[id=1a7f74a1-cd01-3d73-df41-69c347930cf2] to run with 1 threads
2026-10-02 07:00:25,795 ERROR [Timer-Driven Process Thread-8] o.a.nifi.processors.standard.QueryRecord QueryRecord[id=90211928-2356-33d0-2349-a2713a367351] Failed to determine Record Schema from StandardFlowFileRecord[uuid=c143180f-8c7e-4593-8aca-c11c8786f686,claim=StandardContentClaim [resourceClaim=StandardResourceClaim[id=1790924351897-1, container=default, section=1], offset=3242, length=528],offset=0,name=salmentak.csv,size=528]; routing to failure
2026-10-02 07:00:26,687 ERROR [Timer-Driven Process Thread-5] o.a.nifi.processors.standard.SplitRecord SplitRecord[id=e5838657-9bc2-3205-2b80-b40619ba5b85] Processing halted: yielding [1 sec]
2026-10-02 07:00:26,687 WARN [Timer-Driven Process Thread-5] o.a.n.controller.tasks.ConnectableTask Processing halted: uncaught exception in Component [SplitRecord[id=e5838657-9bc2-3205-2b80-b40619ba5b85]]
2026-10-02 07:00:26,763 ERROR [Timer-Driven Process Thread-5] o.a.nifi.processors.standard.SplitRecord SplitRecord[id=2fd03b42-5115-3aa6-e4f6-66e0dcbf3faa] Processing halted: yielding [1 sec]
2026-10-02 07:00:26,763 WARN [Timer-Driven Process Thread-5] o.a.n.controller.tasks.ConnectableTask Processing halted: uncaught exception in Component [SplitRecord[id=2fd03b42-5115-3aa6-e4f6-66e0dcbf3faa]]
2026-10-02 07:00:49,177 INFO [NiFi Web Server-48] o.a.n.c.s.StandardProcessScheduler Stopping SplitRecord[id=e5838657-9bc2-3205-2b80-b40619ba5b85]
2026-10-02 07:00:49,177 INFO [Timer-Driven Process Thread-10] o.a.n.c.s.TimerDrivenSchedulingAgent Stopped scheduling SplitRecord[id=e5838657-9bc2-3205-2b80-b40619ba5b85] to run
2026-10-02 07:00:49,177 INFO [NiFi Web Server-48] o.a.n.c.s.StandardProcessScheduler Stopping QueryRecord[id=d4c5f1d5-9531-3f1e-372a-e36a9888e232]
2026-10-02 07:00:49,177 INFO [Timer-Driven Process Thread-10] o.a.n.controller.StandardProcessorNode SplitRecord[id=e5838657-9bc2-3205-2b80-b40619ba5b85] has completely stopped. Completing any associated Futures.
2026-10-02 07:00:49,177 INFO [Timer-Driven Process Thread-10] o.a.n.c.s.TimerDrivenSchedulingAgent Stopped scheduling QueryRecord[id=d4c5f1d5-9531-3f1e-372a-e36a9888e232] to run
2026-10-02 07:00:49,178 INFO [NiFi Web Server-48] o.a.n.c.s.StandardProcessScheduler Stopping UpdateAttribute[id=0d046f85-c4c6-3f87-3ac6-783ebf4df0b5]
2026-10-02 07:00:49,178 INFO [Timer-Driven Process Thread-10] o.a.n.controller.StandardProcessorNode QueryRecord[id=d4c5f1d5-9531-3f1e-372a-e36a9888e232] has completely stopped. Completing any associated Futures.
2026-10-02 07:00:49,179 INFO [Timer-Driven Process Thread-10] o.a.n.c.s.TimerDrivenSchedulingAgent Stopped scheduling UpdateAttribute[id=0d046f85-c4c6-3f87-3ac6-783ebf4df0b5] to run
2026-10-02 07:00:49,179 INFO [NiFi Web Server-48] o.a.n.c.s.StandardProcessScheduler Stopping GetFile[id=40f37922-f21c-3b4f-db16-ab411a9c7710]
2026-10-02 07:00:49,179 INFO [Timer-Driven Process Thread-10] o.a.n.controller.StandardProcessorNode UpdateAttribute[id=0d046f85-c4c6-3f87-3ac6-783ebf4df0b5] has completely stopped. Completing any associated Futures.
2026-10-02 07:00:49,179 INFO [Timer-Driven Process Thread-10] o.a.n.c.s.TimerDrivenSchedulingAgent Stopped scheduling GetFile[id=40f37922-f21c-3b4f-db16-ab411a9c7710] to run
2026-10-02 07:00:49,179 INFO [NiFi Web Server-48] o.a.n.c.s.StandardProcessScheduler Stopping PutFile[id=af653da5-bfa3-35d6-8fcf-8b220cdda04e]
2026-10-02 07:00:49,179 INFO [Timer-Driven Process Thread-10] o.a.n.controller.StandardProcessorNode GetFile[id=40f37922-f21c-3b4f-db16-ab411a9c7710] has completely stopped. Completing any associated Futures.
2026-10-02 07:00:49,180 INFO [Timer-Driven Process Thread-4] o.a.n.c.s.TimerDrivenSchedulingAgent Stopped scheduling PutFile[id=af653da5-bfa3-35d6-8fcf-8b220cdda04e] to run
2026-10-02 07:00:49,181 INFO [Timer-Driven Process Thread-4] o.a.n.controller.StandardProcessorNode PutFile[id=af653da5-bfa3-35d6-8fcf-8b220cdda04e] has completely stopped. Completing any associated Futures.
2026-10-02 07:00:49,201 INFO [NiFi Web Server-48] o.a.n.c.s.StandardProcessScheduler Stopping UpdateAttribute[id=3689c434-7e88-3ab2-696a-561d6b115ee2]
2026-10-02 07:00:49,202 INFO [Timer-Driven Process Thread-9] o.a.n.c.s.TimerDrivenSchedulingAgent Stopped scheduling UpdateAttribute[id=3689c434-7e88-3ab2-696a-561d6b115ee2] to run
2026-10-02 07:00:49,202 INFO [NiFi Web Server-48] o.a.n.c.s.StandardProcessScheduler Stopping QueryRecord[id=ffe1c15d-a354-352c-7f01-7a1ddaa0933e]
2026-10-02 07:00:49,202 INFO [Timer-Driven Process Thread-9] o.a.n.controller.StandardProcessorNode UpdateAttribute[id=3689c434-7e88-3ab2-696a-561d6b115ee2] has completely stopped. Completing any associated Futures.
2026-10-02 07:00:49,202 INFO [NiFi Web Server-48] o.a.n.c.s.StandardProcessScheduler Stopping SplitRecord[id=2fd03b42-5115-3aa6-e4f6-66e0dcbf3faa]
2026-10-02 07:00:49,202 INFO [Timer-Driven Process Thread-3] o.a.n.c.s.TimerDrivenSchedulingAgent Stopped scheduling QueryRecord[id=ffe1c15d-a354-352c-7f01-7a1ddaa0933e] to run
2026-10-02 07:00:49,202 INFO [Timer-Driven Process Thread-7] o.a.n.c.s.TimerDrivenSchedulingAgent Stopped scheduling SplitRecord[id=2fd03b42-5115-3aa6-e4f6-66e0dcbf3faa] to run
2026-10-02 07:00:49,202 INFO [NiFi Web Server-48] o.a.n.c.s.StandardProcessScheduler Stopping GetFile[id=119a6213-e0eb-3ef5-4961-0d42bada9109]
2026-10-02 07:00:49,202 INFO [Timer-Driven Process Thread-7] o.a.n.controller.StandardProcessorNode SplitRecord[id=2fd03b42-5115-3aa6-e4f6-66e0dcbf3faa] has completely stopped. Completing any associated Futures.
2026-10-02 07:00:49,202 INFO [Timer-Driven Process Thread-3] o.a.n.controller.StandardProcessorNode QueryRecord[id=ffe1c15d-a354-352c-7f01-7a1ddaa0933e] has completely stopped. Completing any associated Futures.
2026-10-02 07:00:49,202 INFO [Timer-Driven Process Thread-6] o.a.n.c.s.TimerDrivenSchedulingAgent Stopped scheduling GetFile[id=119a6213-e0eb-3ef5-4961-0d42bada9109] to run
2026-10-02 07:00:49,202 INFO [NiFi Web Server-48] o.a.n.c.s.StandardProcessScheduler Stopping PutFile[id=a7a9d823-4a75-37e5-affe-6ffd25d80824]
2026-10-02 07:00:49,202 INFO [Timer-Driven Process Thread-6] o.a.n.controller.StandardProcessorNode GetFile[id=119a6213-e0eb-3ef5-4961-0d42bada9109] has completely stopped. Completing any associated Futures.
2026-10-02 07:00:49,202 INFO [Timer-Driven Process Thread-4] o.a.n.c.s.TimerDrivenSchedulingAgent Stopped scheduling PutFile[id=a7a9d823-4a75-37e5-affe-6ffd25d80824] to run
2026-10-02 07:00:49,202 INFO [Timer-Driven Process Thread-4] o.a.n.controller.StandardProcessorNode PutFile[id=a7a9d823-4a75-37e5-affe-6ffd25d80824] has completely stopped. Completing any associated Futures.
2026-10-02 07:00:49,223 INFO [NiFi Web Server-48] o.a.n.c.s.StandardProcessScheduler Stopping PutFile[id=499c3c26-b0f1-35e4-ae51-112e8a14f083]
2026-10-02 07:00:49,223 INFO [Timer-Driven Process Thread-1] o.a.n.c.s.TimerDrivenSchedulingAgent Stopped scheduling PutFile[id=499c3c26-b0f1-35e4-ae51-112e8a14f083] to run
2026-10-02 07:00:49,223 INFO [NiFi Web Server-48] o.a.n.c.s.StandardProcessScheduler Stopping UpdateAttribute[id=1a7f74a1-cd01-3d73-df41-69c347930cf2]
2026-10-02 07:00:49,224 INFO [Timer-Driven Process Thread-1] o.a.n.controller.StandardProcessorNode PutFile[id=499c3c26-b0f1-35e4-ae51-112e8a14f083] has completely stopped. Completing any associated Futures.
2026-10-02 07:00:49,224 INFO [Timer-Driven Process Thread-10] o.a.n.c.s.TimerDrivenSchedulingAgent Stopped scheduling UpdateAttribute[id=1a7f74a1-cd01-3d73-df41-69c347930cf2] to run
2026-10-02 07:00:49,224 INFO [NiFi Web Server-48] o.a.n.c.s.StandardProcessScheduler Stopping QueryRecord[id=90211928-2356-33d0-2349-a2713a367351]
2026-10-02 07:00:49,224 INFO [Timer-Driven Process Thread-10] o.a.n.controller.StandardProcessorNode UpdateAttribute[id=1a7f74a1-cd01-3d73-df41-69c347930cf2] has completely stopped. Completing any associated Futures.
2026-10-02 07:00:49,224 INFO [NiFi Web Server-48] o.a.n.c.s.StandardProcessScheduler Stopping GetFile[id=eac0eab2-d62c-3088-f950-c4f24de4450c]
2026-10-02 07:00:49,224 INFO [Timer-Driven Process Thread-3] o.a.n.c.s.TimerDrivenSchedulingAgent Stopped scheduling QueryRecord[id=90211928-2356-33d0-2349-a2713a367351] to run
2026-10-02 07:00:49,224 INFO [Timer-Driven Process Thread-6] o.a.n.c.s.TimerDrivenSchedulingAgent Stopped scheduling GetFile[id=eac0eab2-d62c-3088-f950-c4f24de4450c] to run
2026-10-02 07:00:49,224 INFO [Timer-Driven Process Thread-6] o.a.n.controller.StandardProcessorNode GetFile[id=eac0eab2-d62c-3088-f950-c4f24de4450c] has completely stopped. Completing any associated Futures.
2026-10-02 07:00:49,224 INFO [Timer-Driven Process Thread-3] o.a.n.controller.StandardProcessorNode QueryRecord[id=90211928-2356-33d0-2349-a2713a367351] has completely stopped. Completing any associated Futures.
2026-10-02 07:21:41,726 INFO [NiFi Web Server-137] o.a.nifi.groups.StandardProcessGroup UpdateAttribute[id=38300985-b053-3bcd-eb41-fc5f2823babd] added to StandardProcessGroup[identifier=fb7d8068-01a0-1000-6ddc-f02f01e462e5,name=flow_02_csv_datuak_iragazi_aldaera1-final]
2026-10-02 07:21:41,735 INFO [NiFi Web Server-137] o.a.n.f.s.StandardVersionedComponentSynchronizer Added UpdateAttribute[id=38300985-b053-3bcd-eb41-fc5f2823babd] to StandardProcessGroup[identifier=fb7d8068-01a0-1000-6ddc-f02f01e462e5,name=flow_02_csv_datuak_iragazi_aldaera1-final]
2026-10-02 07:21:41,745 INFO [NiFi Web Server-137] o.a.nifi.groups.StandardProcessGroup QueryRecord[id=f1bb2211-50c6-34be-7b84-75cf2a4cdb12] added to StandardProcessGroup[identifier=fb7d8068-01a0-1000-6ddc-f02f01e462e5,name=flow_02_csv_datuak_iragazi_aldaera1-final]
2026-10-02 07:21:41,748 INFO [NiFi Web Server-137] o.a.n.f.s.StandardVersionedComponentSynchronizer Added QueryRecord[id=f1bb2211-50c6-34be-7b84-75cf2a4cdb12] to StandardProcessGroup[identifier=fb7d8068-01a0-1000-6ddc-f02f01e462e5,name=flow_02_csv_datuak_iragazi_aldaera1-final]
2026-10-02 07:21:41,753 INFO [NiFi Web Server-137] o.a.nifi.groups.StandardProcessGroup GetFile[id=44a54706-d751-348a-2e7f-f988a48aa124] added to StandardProcessGroup[identifier=fb7d8068-01a0-1000-6ddc-f02f01e462e5,name=flow_02_csv_datuak_iragazi_aldaera1-final]
2026-10-02 07:21:41,755 INFO [NiFi Web Server-137] o.a.n.f.s.StandardVersionedComponentSynchronizer Added GetFile[id=44a54706-d751-348a-2e7f-f988a48aa124] to StandardProcessGroup[identifier=fb7d8068-01a0-1000-6ddc-f02f01e462e5,name=flow_02_csv_datuak_iragazi_aldaera1-final]
2026-10-02 07:21:41,756 INFO [NiFi Web Server-137] o.a.nifi.groups.StandardProcessGroup SplitRecord[id=04ad648b-d902-392e-76d6-e4954123d92f] added to StandardProcessGroup[identifier=fb7d8068-01a0-1000-6ddc-f02f01e462e5,name=flow_02_csv_datuak_iragazi_aldaera1-final]
2026-10-02 07:21:41,757 INFO [NiFi Web Server-137] o.a.n.f.s.StandardVersionedComponentSynchronizer Added SplitRecord[id=04ad648b-d902-392e-76d6-e4954123d92f] to StandardProcessGroup[identifier=fb7d8068-01a0-1000-6ddc-f02f01e462e5,name=flow_02_csv_datuak_iragazi_aldaera1-final]
2026-10-02 07:21:41,759 INFO [NiFi Web Server-137] o.a.nifi.groups.StandardProcessGroup PutFile[id=b500610c-3f3f-3126-0e2d-08b93ac97863] added to StandardProcessGroup[identifier=fb7d8068-01a0-1000-6ddc-f02f01e462e5,name=flow_02_csv_datuak_iragazi_aldaera1-final]
2026-10-02 07:21:41,760 INFO [NiFi Web Server-137] o.a.n.f.s.StandardVersionedComponentSynchronizer Added PutFile[id=b500610c-3f3f-3126-0e2d-08b93ac97863] to StandardProcessGroup[identifier=fb7d8068-01a0-1000-6ddc-f02f01e462e5,name=flow_02_csv_datuak_iragazi_aldaera1-final]
2026-10-02 07:21:41,789 INFO [NiFi Web Server-137] o.a.n.f.s.StandardVersionedComponentSynchronizer Added Connection[ID=b5211881-195e-3048-8ac4-c8970329c9f7, Source ID=04ad648b-d902-392e-76d6-e4954123d92f, Dest ID=f1bb2211-50c6-34be-7b84-75cf2a4cdb12] to StandardProcessGroup[identifier=fb7d8068-01a0-1000-6ddc-f02f01e462e5,name=flow_02_csv_datuak_iragazi_aldaera1-final]
2026-10-02 07:21:41,791 INFO [NiFi Web Server-137] o.a.n.f.s.StandardVersionedComponentSynchronizer Added Connection[ID=157847ec-a696-3827-f59b-f1943a617efd, Source ID=f1bb2211-50c6-34be-7b84-75cf2a4cdb12, Dest ID=38300985-b053-3bcd-eb41-fc5f2823babd] to StandardProcessGroup[identifier=fb7d8068-01a0-1000-6ddc-f02f01e462e5,name=flow_02_csv_datuak_iragazi_aldaera1-final]
2026-10-02 07:21:41,794 INFO [NiFi Web Server-137] o.a.n.f.s.StandardVersionedComponentSynchronizer Added Connection[ID=aa4f6d17-58f2-3e61-1936-91708e7bcc15, Source ID=44a54706-d751-348a-2e7f-f988a48aa124, Dest ID=04ad648b-d902-392e-76d6-e4954123d92f] to StandardProcessGroup[identifier=fb7d8068-01a0-1000-6ddc-f02f01e462e5,name=flow_02_csv_datuak_iragazi_aldaera1-final]
2026-10-02 07:21:41,799 INFO [NiFi Web Server-137] o.a.n.f.s.StandardVersionedComponentSynchronizer Added Connection[ID=12de8ec0-8622-361e-9dc7-94beb96ea087, Source ID=38300985-b053-3bcd-eb41-fc5f2823babd, Dest ID=b500610c-3f3f-3126-0e2d-08b93ac97863] to StandardProcessGroup[identifier=fb7d8068-01a0-1000-6ddc-f02f01e462e5,name=flow_02_csv_datuak_iragazi_aldaera1-final]
2026-10-02 07:21:42,786 INFO [NiFi Web Server-137] o.a.n.c.s.StandardProcessScheduler Starting GetFile[id=44a54706-d751-348a-2e7f-f988a48aa124]
2026-10-02 07:21:42,791 INFO [NiFi Web Server-137] o.a.n.c.s.StandardProcessScheduler Starting QueryRecord[id=f1bb2211-50c6-34be-7b84-75cf2a4cdb12]
2026-10-02 07:21:42,791 INFO [NiFi Web Server-137] o.a.n.c.s.StandardProcessScheduler Starting SplitRecord[id=04ad648b-d902-392e-76d6-e4954123d92f]
2026-10-02 07:21:42,795 INFO [NiFi Web Server-137] o.a.n.c.s.StandardProcessScheduler Starting PutFile[id=b500610c-3f3f-3126-0e2d-08b93ac97863]
2026-10-02 07:21:42,797 INFO [NiFi Web Server-137] o.a.n.c.s.StandardProcessScheduler Starting UpdateAttribute[id=38300985-b053-3bcd-eb41-fc5f2823babd]
2026-10-02 07:21:42,798 INFO [Timer-Driven Process Thread-6] o.a.n.c.s.TimerDrivenSchedulingAgent Scheduled GetFile[id=44a54706-d751-348a-2e7f-f988a48aa124] to run with 1 threads
2026-10-02 07:21:42,801 INFO [Timer-Driven Process Thread-4] o.a.n.c.s.TimerDrivenSchedulingAgent Scheduled PutFile[id=b500610c-3f3f-3126-0e2d-08b93ac97863] to run with 1 threads
2026-10-02 07:21:42,827 INFO [Timer-Driven Process Thread-9] o.a.n.c.s.TimerDrivenSchedulingAgent Scheduled UpdateAttribute[id=38300985-b053-3bcd-eb41-fc5f2823babd] to run with 1 threads
2026-10-02 07:21:43,389 INFO [Timer-Driven Process Thread-10] o.a.n.c.s.TimerDrivenSchedulingAgent Scheduled SplitRecord[id=04ad648b-d902-392e-76d6-e4954123d92f] to run with 1 threads
2026-10-02 07:21:43,399 INFO [Timer-Driven Process Thread-4] o.a.n.c.s.TimerDrivenSchedulingAgent Scheduled QueryRecord[id=f1bb2211-50c6-34be-7b84-75cf2a4cdb12] to run with 1 threads
2026-10-02 07:21:45,247 INFO [NiFi Web Server-137] o.a.nifi.groups.StandardProcessGroup UpdateAttribute[id=efa0c625-ff3e-3544-b9ee-a01b9275f28d] added to StandardProcessGroup[identifier=fb7d8858-01a0-1000-16c4-fedb303993d2,name=flow_02_csv_datuak_iragazi_aldaera2-final]
2026-10-02 07:21:45,248 INFO [NiFi Web Server-137] o.a.n.f.s.StandardVersionedComponentSynchronizer Added UpdateAttribute[id=efa0c625-ff3e-3544-b9ee-a01b9275f28d] to StandardProcessGroup[identifier=fb7d8858-01a0-1000-16c4-fedb303993d2,name=flow_02_csv_datuak_iragazi_aldaera2-final]
2026-10-02 07:21:45,250 INFO [NiFi Web Server-137] o.a.nifi.groups.StandardProcessGroup QueryRecord[id=75441e58-1df0-32f6-1c1a-797763ce8518] added to StandardProcessGroup[identifier=fb7d8858-01a0-1000-16c4-fedb303993d2,name=flow_02_csv_datuak_iragazi_aldaera2-final]
2026-10-02 07:21:45,250 INFO [NiFi Web Server-137] o.a.n.f.s.StandardVersionedComponentSynchronizer Added QueryRecord[id=75441e58-1df0-32f6-1c1a-797763ce8518] to StandardProcessGroup[identifier=fb7d8858-01a0-1000-16c4-fedb303993d2,name=flow_02_csv_datuak_iragazi_aldaera2-final]
2026-10-02 07:21:45,251 INFO [NiFi Web Server-137] o.a.nifi.groups.StandardProcessGroup GetFile[id=07afed97-ffb9-331f-8778-3fcbc242e256] added to StandardProcessGroup[identifier=fb7d8858-01a0-1000-16c4-fedb303993d2,name=flow_02_csv_datuak_iragazi_aldaera2-final]
2026-10-02 07:21:45,252 INFO [NiFi Web Server-137] o.a.n.f.s.StandardVersionedComponentSynchronizer Added GetFile[id=07afed97-ffb9-331f-8778-3fcbc242e256] to StandardProcessGroup[identifier=fb7d8858-01a0-1000-16c4-fedb303993d2,name=flow_02_csv_datuak_iragazi_aldaera2-final]
2026-10-02 07:21:45,256 INFO [NiFi Web Server-137] o.a.nifi.groups.StandardProcessGroup SplitRecord[id=a8b0272f-e79d-38dd-e96e-183101ac66f9] added to StandardProcessGroup[identifier=fb7d8858-01a0-1000-16c4-fedb303993d2,name=flow_02_csv_datuak_iragazi_aldaera2-final]
2026-10-02 07:21:45,257 INFO [NiFi Web Server-137] o.a.n.f.s.StandardVersionedComponentSynchronizer Added SplitRecord[id=a8b0272f-e79d-38dd-e96e-183101ac66f9] to StandardProcessGroup[identifier=fb7d8858-01a0-1000-16c4-fedb303993d2,name=flow_02_csv_datuak_iragazi_aldaera2-final]
2026-10-02 07:21:45,260 INFO [NiFi Web Server-137] o.a.nifi.groups.StandardProcessGroup PutFile[id=939f5c20-4b6d-3191-d23e-e31b2e90da68] added to StandardProcessGroup[identifier=fb7d8858-01a0-1000-16c4-fedb303993d2,name=flow_02_csv_datuak_iragazi_aldaera2-final]
2026-10-02 07:21:45,261 INFO [NiFi Web Server-137] o.a.n.f.s.StandardVersionedComponentSynchronizer Added PutFile[id=939f5c20-4b6d-3191-d23e-e31b2e90da68] to StandardProcessGroup[identifier=fb7d8858-01a0-1000-16c4-fedb303993d2,name=flow_02_csv_datuak_iragazi_aldaera2-final]
2026-10-02 07:21:45,286 INFO [NiFi Web Server-137] o.a.n.f.s.StandardVersionedComponentSynchronizer Added Connection[ID=6f2ef5ab-5684-3b9a-8d78-1a1b0bfb4eff, Source ID=a8b0272f-e79d-38dd-e96e-183101ac66f9, Dest ID=75441e58-1df0-32f6-1c1a-797763ce8518] to StandardProcessGroup[identifier=fb7d8858-01a0-1000-16c4-fedb303993d2,name=flow_02_csv_datuak_iragazi_aldaera2-final]
2026-10-02 07:21:45,327 INFO [NiFi Web Server-137] o.a.n.f.s.StandardVersionedComponentSynchronizer Added Connection[ID=808630ea-865c-3313-ae88-e85e772777dd, Source ID=75441e58-1df0-32f6-1c1a-797763ce8518, Dest ID=efa0c625-ff3e-3544-b9ee-a01b9275f28d] to StandardProcessGroup[identifier=fb7d8858-01a0-1000-16c4-fedb303993d2,name=flow_02_csv_datuak_iragazi_aldaera2-final]
2026-10-02 07:21:45,380 INFO [NiFi Web Server-137] o.a.n.f.s.StandardVersionedComponentSynchronizer Added Connection[ID=98c7d35e-af45-3593-fa56-429b4515cc6a, Source ID=07afed97-ffb9-331f-8778-3fcbc242e256, Dest ID=a8b0272f-e79d-38dd-e96e-183101ac66f9] to StandardProcessGroup[identifier=fb7d8858-01a0-1000-16c4-fedb303993d2,name=flow_02_csv_datuak_iragazi_aldaera2-final]
2026-10-02 07:21:45,443 INFO [NiFi Web Server-137] o.a.n.f.s.StandardVersionedComponentSynchronizer Added Connection[ID=acc5aa9d-a66e-3787-e90f-f2078d3d13f2, Source ID=efa0c625-ff3e-3544-b9ee-a01b9275f28d, Dest ID=939f5c20-4b6d-3191-d23e-e31b2e90da68] to StandardProcessGroup[identifier=fb7d8858-01a0-1000-16c4-fedb303993d2,name=flow_02_csv_datuak_iragazi_aldaera2-final]
2026-10-02 07:21:47,668 INFO [NiFi Web Server-136] o.a.n.c.s.StandardProcessScheduler Starting QueryRecord[id=75441e58-1df0-32f6-1c1a-797763ce8518]
2026-10-02 07:21:47,670 INFO [NiFi Web Server-136] o.a.n.c.s.StandardProcessScheduler Starting PutFile[id=939f5c20-4b6d-3191-d23e-e31b2e90da68]
2026-10-02 07:21:47,672 INFO [NiFi Web Server-136] o.a.n.c.s.StandardProcessScheduler Starting SplitRecord[id=a8b0272f-e79d-38dd-e96e-183101ac66f9]
2026-10-02 07:21:47,674 INFO [NiFi Web Server-136] o.a.n.c.s.StandardProcessScheduler Starting GetFile[id=07afed97-ffb9-331f-8778-3fcbc242e256]
2026-10-02 07:21:47,676 INFO [Timer-Driven Process Thread-7] o.a.n.c.s.TimerDrivenSchedulingAgent Scheduled PutFile[id=939f5c20-4b6d-3191-d23e-e31b2e90da68] to run with 1 threads
2026-10-02 07:21:47,676 INFO [NiFi Web Server-136] o.a.n.c.s.StandardProcessScheduler Starting UpdateAttribute[id=efa0c625-ff3e-3544-b9ee-a01b9275f28d]
2026-10-02 07:21:47,681 INFO [Timer-Driven Process Thread-9] o.a.n.c.s.TimerDrivenSchedulingAgent Scheduled GetFile[id=07afed97-ffb9-331f-8778-3fcbc242e256] to run with 1 threads
2026-10-02 07:21:47,689 INFO [Timer-Driven Process Thread-1] o.a.n.c.s.TimerDrivenSchedulingAgent Scheduled UpdateAttribute[id=efa0c625-ff3e-3544-b9ee-a01b9275f28d] to run with 1 threads
2026-10-02 07:21:48,681 INFO [Timer-Driven Process Thread-6] o.a.n.c.s.TimerDrivenSchedulingAgent Scheduled SplitRecord[id=a8b0272f-e79d-38dd-e96e-183101ac66f9] to run with 1 threads
2026-10-02 07:21:48,681 INFO [Timer-Driven Process Thread-10] o.a.n.c.s.TimerDrivenSchedulingAgent Scheduled QueryRecord[id=75441e58-1df0-32f6-1c1a-797763ce8518] to run with 1 threads
2026-10-02 07:21:48,703 INFO [NiFi Web Server-136] o.a.nifi.groups.StandardProcessGroup UpdateAttribute[id=c150600d-a2b9-3147-44f6-daa2d1c11d04] added to StandardProcessGroup[identifier=fb7d9a6e-01a0-1000-9359-2572a92970ce,name=flow_02_csv_datuak_iragazi_aldaera3_optimizazioa-final]
2026-10-02 07:21:48,722 INFO [NiFi Web Server-136] o.a.n.f.s.StandardVersionedComponentSynchronizer Added UpdateAttribute[id=c150600d-a2b9-3147-44f6-daa2d1c11d04] to StandardProcessGroup[identifier=fb7d9a6e-01a0-1000-9359-2572a92970ce,name=flow_02_csv_datuak_iragazi_aldaera3_optimizazioa-final]
2026-10-02 07:21:48,727 INFO [NiFi Web Server-136] o.a.nifi.groups.StandardProcessGroup QueryRecord[id=0243889f-b0ce-3c42-7968-c2cd6e573d04] added to StandardProcessGroup[identifier=fb7d9a6e-01a0-1000-9359-2572a92970ce,name=flow_02_csv_datuak_iragazi_aldaera3_optimizazioa-final]
2026-10-02 07:21:48,735 INFO [NiFi Web Server-136] o.a.n.f.s.StandardVersionedComponentSynchronizer Added QueryRecord[id=0243889f-b0ce-3c42-7968-c2cd6e573d04] to StandardProcessGroup[identifier=fb7d9a6e-01a0-1000-9359-2572a92970ce,name=flow_02_csv_datuak_iragazi_aldaera3_optimizazioa-final]
2026-10-02 07:21:48,751 INFO [NiFi Web Server-136] o.a.nifi.groups.StandardProcessGroup GetFile[id=f9565120-3d0a-3fd1-2eab-9cf7ba960073] added to StandardProcessGroup[identifier=fb7d9a6e-01a0-1000-9359-2572a92970ce,name=flow_02_csv_datuak_iragazi_aldaera3_optimizazioa-final]
2026-10-02 07:21:48,765 INFO [NiFi Web Server-136] o.a.n.f.s.StandardVersionedComponentSynchronizer Added GetFile[id=f9565120-3d0a-3fd1-2eab-9cf7ba960073] to StandardProcessGroup[identifier=fb7d9a6e-01a0-1000-9359-2572a92970ce,name=flow_02_csv_datuak_iragazi_aldaera3_optimizazioa-final]
2026-10-02 07:21:48,775 INFO [NiFi Web Server-136] o.a.nifi.groups.StandardProcessGroup PutFile[id=9b994d38-2a73-3c17-4f01-64e5998459fb] added to StandardProcessGroup[identifier=fb7d9a6e-01a0-1000-9359-2572a92970ce,name=flow_02_csv_datuak_iragazi_aldaera3_optimizazioa-final]
2026-10-02 07:21:48,800 INFO [NiFi Web Server-136] o.a.n.f.s.StandardVersionedComponentSynchronizer Added PutFile[id=9b994d38-2a73-3c17-4f01-64e5998459fb] to StandardProcessGroup[identifier=fb7d9a6e-01a0-1000-9359-2572a92970ce,name=flow_02_csv_datuak_iragazi_aldaera3_optimizazioa-final]
2026-10-02 07:21:48,808 INFO [NiFi Web Server-136] o.a.n.f.s.StandardVersionedComponentSynchronizer Added Connection[ID=defec43c-6c20-32b4-3a55-256c2ea89e80, Source ID=f9565120-3d0a-3fd1-2eab-9cf7ba960073, Dest ID=0243889f-b0ce-3c42-7968-c2cd6e573d04] to StandardProcessGroup[identifier=fb7d9a6e-01a0-1000-9359-2572a92970ce,name=flow_02_csv_datuak_iragazi_aldaera3_optimizazioa-final]
2026-10-02 07:21:48,830 INFO [NiFi Web Server-136] o.a.n.f.s.StandardVersionedComponentSynchronizer Added Connection[ID=d2bf9d3f-9dc7-308b-95c8-8ff636ddf57f, Source ID=0243889f-b0ce-3c42-7968-c2cd6e573d04, Dest ID=c150600d-a2b9-3147-44f6-daa2d1c11d04] to StandardProcessGroup[identifier=fb7d9a6e-01a0-1000-9359-2572a92970ce,name=flow_02_csv_datuak_iragazi_aldaera3_optimizazioa-final]
2026-10-02 07:21:48,844 INFO [NiFi Web Server-136] o.a.n.f.s.StandardVersionedComponentSynchronizer Added Connection[ID=eda5abb2-5113-3efd-252a-84c06e8affc7, Source ID=c150600d-a2b9-3147-44f6-daa2d1c11d04, Dest ID=9b994d38-2a73-3c17-4f01-64e5998459fb] to StandardProcessGroup[identifier=fb7d9a6e-01a0-1000-9359-2572a92970ce,name=flow_02_csv_datuak_iragazi_aldaera3_optimizazioa-final]
2026-10-02 07:21:49,824 INFO [NiFi Web Server-137] o.a.n.c.s.StandardProcessScheduler Starting GetFile[id=f9565120-3d0a-3fd1-2eab-9cf7ba960073]
2026-10-02 07:21:49,825 INFO [NiFi Web Server-137] o.a.n.c.s.StandardProcessScheduler Starting PutFile[id=9b994d38-2a73-3c17-4f01-64e5998459fb]
2026-10-02 07:21:49,838 INFO [NiFi Web Server-137] o.a.n.c.s.StandardProcessScheduler Starting QueryRecord[id=0243889f-b0ce-3c42-7968-c2cd6e573d04]
2026-10-02 07:21:49,839 INFO [Timer-Driven Process Thread-4] o.a.n.c.s.TimerDrivenSchedulingAgent Scheduled PutFile[id=9b994d38-2a73-3c17-4f01-64e5998459fb] to run with 1 threads
2026-10-02 07:21:49,839 INFO [Timer-Driven Process Thread-2] o.a.n.c.s.TimerDrivenSchedulingAgent Scheduled GetFile[id=f9565120-3d0a-3fd1-2eab-9cf7ba960073] to run with 1 threads
2026-10-02 07:21:49,840 INFO [NiFi Web Server-137] o.a.n.c.s.StandardProcessScheduler Starting UpdateAttribute[id=c150600d-a2b9-3147-44f6-daa2d1c11d04]
2026-10-02 07:21:49,851 INFO [Timer-Driven Process Thread-10] o.a.n.c.s.TimerDrivenSchedulingAgent Scheduled UpdateAttribute[id=c150600d-a2b9-3147-44f6-daa2d1c11d04] to run with 1 threads
2026-10-02 07:21:50,841 INFO [Timer-Driven Process Thread-4] o.a.n.c.s.TimerDrivenSchedulingAgent Scheduled QueryRecord[id=0243889f-b0ce-3c42-7968-c2cd6e573d04] to run with 1 threads
2026-10-02 07:21:53,892 INFO [NiFi Web Server-136] o.a.n.c.s.StandardProcessScheduler Stopping GetFile[id=44a54706-d751-348a-2e7f-f988a48aa124]
2026-10-02 07:21:53,893 INFO [Timer-Driven Process Thread-6] o.a.n.c.s.TimerDrivenSchedulingAgent Stopped scheduling GetFile[id=44a54706-d751-348a-2e7f-f988a48aa124] to run
2026-10-02 07:21:53,893 INFO [NiFi Web Server-136] o.a.n.c.s.StandardProcessScheduler Stopping QueryRecord[id=f1bb2211-50c6-34be-7b84-75cf2a4cdb12]
2026-10-02 07:21:53,893 INFO [Timer-Driven Process Thread-6] o.a.n.controller.StandardProcessorNode GetFile[id=44a54706-d751-348a-2e7f-f988a48aa124] has completely stopped. Completing any associated Futures.
2026-10-02 07:21:53,893 INFO [Timer-Driven Process Thread-3] o.a.n.c.s.TimerDrivenSchedulingAgent Stopped scheduling QueryRecord[id=f1bb2211-50c6-34be-7b84-75cf2a4cdb12] to run
2026-10-02 07:21:53,894 INFO [NiFi Web Server-136] o.a.n.c.s.StandardProcessScheduler Stopping SplitRecord[id=04ad648b-d902-392e-76d6-e4954123d92f]
2026-10-02 07:21:53,894 INFO [Timer-Driven Process Thread-3] o.a.n.controller.StandardProcessorNode QueryRecord[id=f1bb2211-50c6-34be-7b84-75cf2a4cdb12] has completely stopped. Completing any associated Futures.
2026-10-02 07:21:53,894 INFO [Timer-Driven Process Thread-5] o.a.n.c.s.TimerDrivenSchedulingAgent Stopped scheduling SplitRecord[id=04ad648b-d902-392e-76d6-e4954123d92f] to run
2026-10-02 07:21:53,894 INFO [Timer-Driven Process Thread-5] o.a.n.controller.StandardProcessorNode SplitRecord[id=04ad648b-d902-392e-76d6-e4954123d92f] has completely stopped. Completing any associated Futures.
2026-10-02 07:21:53,895 INFO [NiFi Web Server-136] o.a.n.c.s.StandardProcessScheduler Stopping PutFile[id=b500610c-3f3f-3126-0e2d-08b93ac97863]
2026-10-02 07:21:53,895 INFO [Timer-Driven Process Thread-7] o.a.n.c.s.TimerDrivenSchedulingAgent Stopped scheduling PutFile[id=b500610c-3f3f-3126-0e2d-08b93ac97863] to run
2026-10-02 07:21:53,895 INFO [Timer-Driven Process Thread-7] o.a.n.controller.StandardProcessorNode PutFile[id=b500610c-3f3f-3126-0e2d-08b93ac97863] has completely stopped. Completing any associated Futures.
2026-10-02 07:21:53,896 INFO [NiFi Web Server-136] o.a.n.c.s.StandardProcessScheduler Stopping UpdateAttribute[id=38300985-b053-3bcd-eb41-fc5f2823babd]
2026-10-02 07:21:53,897 INFO [Timer-Driven Process Thread-2] o.a.n.c.s.TimerDrivenSchedulingAgent Stopped scheduling UpdateAttribute[id=38300985-b053-3bcd-eb41-fc5f2823babd] to run
2026-10-02 07:21:53,897 INFO [Timer-Driven Process Thread-2] o.a.n.controller.StandardProcessorNode UpdateAttribute[id=38300985-b053-3bcd-eb41-fc5f2823babd] has completely stopped. Completing any associated Futures.
2026-10-02 07:21:54,000 INFO [NiFi Web Server-137] o.a.n.c.s.StandardProcessScheduler Stopping QueryRecord[id=75441e58-1df0-32f6-1c1a-797763ce8518]
2026-10-02 07:21:54,001 INFO [Timer-Driven Process Thread-10] o.a.n.c.s.TimerDrivenSchedulingAgent Stopped scheduling QueryRecord[id=75441e58-1df0-32f6-1c1a-797763ce8518] to run
2026-10-02 07:21:54,001 INFO [NiFi Web Server-137] o.a.n.c.s.StandardProcessScheduler Stopping PutFile[id=939f5c20-4b6d-3191-d23e-e31b2e90da68]
2026-10-02 07:21:54,002 INFO [Timer-Driven Process Thread-10] o.a.n.controller.StandardProcessorNode QueryRecord[id=75441e58-1df0-32f6-1c1a-797763ce8518] has completely stopped. Completing any associated Futures.
2026-10-02 07:21:54,004 INFO [Timer-Driven Process Thread-9] o.a.n.c.s.TimerDrivenSchedulingAgent Stopped scheduling PutFile[id=939f5c20-4b6d-3191-d23e-e31b2e90da68] to run
2026-10-02 07:21:54,004 INFO [NiFi Web Server-137] o.a.n.c.s.StandardProcessScheduler Stopping SplitRecord[id=a8b0272f-e79d-38dd-e96e-183101ac66f9]
2026-10-02 07:21:54,004 INFO [Timer-Driven Process Thread-9] o.a.n.controller.StandardProcessorNode PutFile[id=939f5c20-4b6d-3191-d23e-e31b2e90da68] has completely stopped. Completing any associated Futures.
2026-10-02 07:21:54,004 INFO [Timer-Driven Process Thread-7] o.a.n.c.s.TimerDrivenSchedulingAgent Stopped scheduling SplitRecord[id=a8b0272f-e79d-38dd-e96e-183101ac66f9] to run
2026-10-02 07:21:54,005 INFO [Timer-Driven Process Thread-7] o.a.n.controller.StandardProcessorNode SplitRecord[id=a8b0272f-e79d-38dd-e96e-183101ac66f9] has completely stopped. Completing any associated Futures.
2026-10-02 07:21:54,005 INFO [NiFi Web Server-137] o.a.n.c.s.StandardProcessScheduler Stopping GetFile[id=07afed97-ffb9-331f-8778-3fcbc242e256]
2026-10-02 07:21:54,006 INFO [Timer-Driven Process Thread-8] o.a.n.c.s.TimerDrivenSchedulingAgent Stopped scheduling GetFile[id=07afed97-ffb9-331f-8778-3fcbc242e256] to run
2026-10-02 07:21:54,006 INFO [Timer-Driven Process Thread-8] o.a.n.controller.StandardProcessorNode GetFile[id=07afed97-ffb9-331f-8778-3fcbc242e256] has completely stopped. Completing any associated Futures.
2026-10-02 07:21:54,007 INFO [NiFi Web Server-137] o.a.n.c.s.StandardProcessScheduler Stopping UpdateAttribute[id=efa0c625-ff3e-3544-b9ee-a01b9275f28d]
2026-10-02 07:21:54,007 INFO [Timer-Driven Process Thread-10] o.a.n.c.s.TimerDrivenSchedulingAgent Stopped scheduling UpdateAttribute[id=efa0c625-ff3e-3544-b9ee-a01b9275f28d] to run
2026-10-02 07:21:54,008 INFO [Timer-Driven Process Thread-10] o.a.n.controller.StandardProcessorNode UpdateAttribute[id=efa0c625-ff3e-3544-b9ee-a01b9275f28d] has completely stopped. Completing any associated Futures.
2026-10-02 07:21:54,058 INFO [NiFi Web Server-137] o.a.n.c.s.StandardProcessScheduler Stopping GetFile[id=f9565120-3d0a-3fd1-2eab-9cf7ba960073]
2026-10-02 07:21:54,058 INFO [Timer-Driven Process Thread-4] o.a.n.c.s.TimerDrivenSchedulingAgent Stopped scheduling GetFile[id=f9565120-3d0a-3fd1-2eab-9cf7ba960073] to run
2026-10-02 07:21:54,058 INFO [NiFi Web Server-137] o.a.n.c.s.StandardProcessScheduler Stopping PutFile[id=9b994d38-2a73-3c17-4f01-64e5998459fb]
2026-10-02 07:21:54,058 INFO [Timer-Driven Process Thread-4] o.a.n.controller.StandardProcessorNode GetFile[id=f9565120-3d0a-3fd1-2eab-9cf7ba960073] has completely stopped. Completing any associated Futures.
2026-10-02 07:21:54,059 INFO [Timer-Driven Process Thread-9] o.a.n.c.s.TimerDrivenSchedulingAgent Stopped scheduling PutFile[id=9b994d38-2a73-3c17-4f01-64e5998459fb] to run
2026-10-02 07:21:54,059 INFO [NiFi Web Server-137] o.a.n.c.s.StandardProcessScheduler Stopping QueryRecord[id=0243889f-b0ce-3c42-7968-c2cd6e573d04]
2026-10-02 07:21:54,059 INFO [Timer-Driven Process Thread-9] o.a.n.controller.StandardProcessorNode PutFile[id=9b994d38-2a73-3c17-4f01-64e5998459fb] has completely stopped. Completing any associated Futures.
2026-10-02 07:21:54,059 INFO [Timer-Driven Process Thread-5] o.a.n.c.s.TimerDrivenSchedulingAgent Stopped scheduling QueryRecord[id=0243889f-b0ce-3c42-7968-c2cd6e573d04] to run
2026-10-02 07:21:54,059 INFO [Timer-Driven Process Thread-5] o.a.n.controller.StandardProcessorNode QueryRecord[id=0243889f-b0ce-3c42-7968-c2cd6e573d04] has completely stopped. Completing any associated Futures.
2026-10-02 07:21:54,060 INFO [NiFi Web Server-137] o.a.n.c.s.StandardProcessScheduler Stopping UpdateAttribute[id=c150600d-a2b9-3147-44f6-daa2d1c11d04]
2026-10-02 07:21:54,060 INFO [Timer-Driven Process Thread-3] o.a.n.c.s.TimerDrivenSchedulingAgent Stopped scheduling UpdateAttribute[id=c150600d-a2b9-3147-44f6-daa2d1c11d04] to run
2026-10-02 07:21:54,061 INFO [Timer-Driven Process Thread-3] o.a.n.controller.StandardProcessorNode UpdateAttribute[id=c150600d-a2b9-3147-44f6-daa2d1c11d04] has completely stopped. Completing any associated Futures.
