2026-10-02 07:00:48,635 INFO [NiFi Web Server-129] o.a.n.c.s.StandardProcessScheduler Starting PutMongoRecord[id=1ff950ef-526a-314c-1427-e921004101da]
2026-10-02 07:00:48,636 INFO [Timer-Driven Process Thread-6] o.a.n.c.s.TimerDrivenSchedulingAgent Scheduled PutMongoRecord[id=1ff950ef-526a-314c-1427-e921004101da] to run with 1 threads
2026-10-02 07:00:48,719 INFO [NiFi Web Server-48] o.a.n.c.s.StandardProcessScheduler Running once ExecuteSQLRecord[id=a23fb67a-8f16-3d12-bd32-e1028918c659]
2026-10-02 07:00:48,720 ERROR [Timer-Driven Process Thread-4] o.a.n.p.standard.ExecuteSQLRecord ExecuteSQLRecord[id=a23fb67a-8f16-3d12-bd32-e1028918c659] Either the Select Query must be specified or there must be an incoming connection providing flowfile(s) containing a SQL select query
2026-10-02 07:00:48,721 ERROR [Timer-Driven Process Thread-4] o.a.n.p.standard.ExecuteSQLRecord ExecuteSQLRecord[id=a23fb67a-8f16-3d12-bd32-e1028918c659] Failed to properly initialize Processor. If still scheduled to run, NiFi will attempt to initialize and run the Processor again after the 'Administrative Yield Duration' has elapsed. Failure is due to org.apache.nifi.processor.exception.ProcessException: Either the Select Query must be specified or there must be an incoming connection providing flowfile(s) containing a SQL select query
2026-10-02 07:00:48,721 INFO [Timer-Driven Process Thread-4] o.a.n.controller.StandardProcessorNode ExecuteSQLRecord[id=a23fb67a-8f16-3d12-bd32-e1028918c659] has completely stopped. Completing any associated Futures.
2026-10-02 07:00:48,761 INFO [NiFi Web Server-129] o.a.n.c.s.StandardProcessScheduler Running once ExecuteSQLRecord[id=dd0e8553-f1b4-35a0-f806-c53221aa72d5]
2026-10-02 07:00:48,761 ERROR [Timer-Driven Process Thread-4] o.a.n.p.standard.ExecuteSQLRecord ExecuteSQLRecord[id=dd0e8553-f1b4-35a0-f806-c53221aa72d5] Either the Select Query must be specified or there must be an incoming connection providing flowfile(s) containing a SQL select query
2026-10-02 07:00:48,762 ERROR [Timer-Driven Process Thread-4] o.a.n.p.standard.ExecuteSQLRecord ExecuteSQLRecord[id=dd0e8553-f1b4-35a0-f806-c53221aa72d5] Failed to properly initialize Processor. If still scheduled to run, NiFi will attempt to initialize and run the Processor again after the 'Administrative Yield Duration' has elapsed. Failure is due to org.apache.nifi.processor.exception.ProcessException: Either the Select Query must be specified or there must be an incoming connection providing flowfile(s) containing a SQL select query
2026-10-02 07:00:48,762 INFO [Timer-Driven Process Thread-4] o.a.n.controller.StandardProcessorNode ExecuteSQLRecord[id=dd0e8553-f1b4-35a0-f806-c53221aa72d5] has completely stopped. Completing any associated Futures.
2026-10-02 07:00:48,800 INFO [NiFi Web Server-48] o.a.n.c.s.StandardProcessScheduler Running once ExecuteSQLRecord[id=0f5f746a-93ef-3d2a-fad9-99cd58bbca96]
2026-10-02 07:00:48,801 ERROR [Timer-Driven Process Thread-3] o.a.n.p.standard.ExecuteSQLRecord ExecuteSQLRecord[id=0f5f746a-93ef-3d2a-fad9-99cd58bbca96] Either the Select Query must be specified or there must be an incoming connection providing flowfile(s) containing a SQL select query
2026-10-02 07:00:48,801 ERROR [Timer-Driven Process Thread-3] o.a.n.p.standard.ExecuteSQLRecord ExecuteSQLRecord[id=0f5f746a-93ef-3d2a-fad9-99cd58bbca96] Failed to properly initialize Processor. If still scheduled to run, NiFi will attempt to initialize and run the Processor again after the 'Administrative Yield Duration' has elapsed. Failure is due to org.apache.nifi.processor.exception.ProcessException: Either the Select Query must be specified or there must be an incoming connection providing flowfile(s) containing a SQL select query
2026-10-02 07:00:48,802 INFO [Timer-Driven Process Thread-3] o.a.n.controller.StandardProcessorNode ExecuteSQLRecord[id=0f5f746a-93ef-3d2a-fad9-99cd58bbca96] has completely stopped. Completing any associated Futures.
2026-10-02 07:02:02,542 INFO [NiFi Web Server-135] o.a.n.c.s.StandardProcessScheduler Running once ExecuteSQLRecord[id=a23fb67a-8f16-3d12-bd32-e1028918c659]
2026-10-02 07:02:02,585 INFO [NiFi Web Server-129] o.a.n.c.s.StandardProcessScheduler Running once ExecuteSQLRecord[id=dd0e8553-f1b4-35a0-f806-c53221aa72d5]
2026-10-02 07:02:02,629 INFO [NiFi Web Server-135] o.a.n.c.s.StandardProcessScheduler Running once ExecuteSQLRecord[id=0f5f746a-93ef-3d2a-fad9-99cd58bbca96]
2026-10-02 07:02:04,709 INFO [Timer-Driven Process Thread-7] o.a.n.c.s.StandardProcessScheduler Stopping ExecuteSQLRecord[id=0f5f746a-93ef-3d2a-fad9-99cd58bbca96]
2026-10-02 07:02:04,710 INFO [Timer-Driven Process Thread-7] o.a.n.c.s.TimerDrivenSchedulingAgent Stopped scheduling ExecuteSQLRecord[id=0f5f746a-93ef-3d2a-fad9-99cd58bbca96] to run
2026-10-02 07:02:04,710 INFO [Timer-Driven Process Thread-7] o.a.n.controller.StandardProcessorNode ExecuteSQLRecord[id=0f5f746a-93ef-3d2a-fad9-99cd58bbca96] has completely stopped. Completing any associated Futures.
2026-10-02 07:02:05,445 INFO [Timer-Driven Process Thread-4] o.a.n.c.s.StandardProcessScheduler Stopping ExecuteSQLRecord[id=dd0e8553-f1b4-35a0-f806-c53221aa72d5]
2026-10-02 07:02:05,445 INFO [Timer-Driven Process Thread-4] o.a.n.c.s.TimerDrivenSchedulingAgent Stopped scheduling ExecuteSQLRecord[id=dd0e8553-f1b4-35a0-f806-c53221aa72d5] to run
2026-10-02 07:02:05,446 INFO [Timer-Driven Process Thread-4] o.a.n.controller.StandardProcessorNode ExecuteSQLRecord[id=dd0e8553-f1b4-35a0-f806-c53221aa72d5] has completely stopped. Completing any associated Futures.
2026-10-02 07:02:06,071 INFO [Timer-Driven Process Thread-5] o.a.n.c.s.StandardProcessScheduler Stopping ExecuteSQLRecord[id=a23fb67a-8f16-3d12-bd32-e1028918c659]
2026-10-02 07:02:06,071 INFO [Timer-Driven Process Thread-5] o.a.n.c.s.TimerDrivenSchedulingAgent Stopped scheduling ExecuteSQLRecord[id=a23fb67a-8f16-3d12-bd32-e1028918c659] to run
2026-10-02 07:02:06,072 INFO [Timer-Driven Process Thread-5] o.a.n.controller.StandardProcessorNode ExecuteSQLRecord[id=a23fb67a-8f16-3d12-bd32-e1028918c659] has completely stopped. Completing any associated Futures.
2026-10-02 07:03:04,131 INFO [NiFi Web Server-137] o.a.n.c.s.StandardProcessScheduler Starting SplitText[id=07558fdc-f5f4-3f35-3c40-93958517bbad]
2026-10-02 07:03:04,136 INFO [Timer-Driven Process Thread-8] o.a.n.c.s.TimerDrivenSchedulingAgent Scheduled SplitText[id=07558fdc-f5f4-3f35-3c40-93958517bbad] to run with 1 threads
2026-10-02 07:03:04,235 INFO [NiFi Web Server-135] o.a.n.c.s.StandardProcessScheduler Starting PutMongo[id=843799f5-72fe-3a8e-a2d2-07532ef03c8f]
2026-10-02 07:03:04,242 INFO [Timer-Driven Process Thread-4] o.a.n.c.s.TimerDrivenSchedulingAgent Scheduled PutMongo[id=843799f5-72fe-3a8e-a2d2-07532ef03c8f] to run with 1 threads
2026-10-02 07:03:04,343 INFO [NiFi Web Server-135] o.a.n.c.s.StandardProcessScheduler Running once ExecuteSQLRecord[id=77ef6105-d086-39c3-77d4-a52bf917256b]
2026-10-02 07:03:04,429 INFO [NiFi Web Server-135] o.a.n.c.s.StandardProcessScheduler Running once ExecuteSQLRecord[id=e092a4c8-cb14-3b52-3a74-966d4a61ba3f]
2026-10-02 07:03:04,557 INFO [NiFi Web Server-137] o.a.n.c.s.StandardProcessScheduler Running once ExecuteSQLRecord[id=56c8c3ed-da9c-37e7-2f01-6aeac801504f]
2026-10-02 07:03:04,857 INFO [Timer-Driven Process Thread-3] o.a.n.c.s.StandardProcessScheduler Stopping ExecuteSQLRecord[id=e092a4c8-cb14-3b52-3a74-966d4a61ba3f]
2026-10-02 07:03:04,857 INFO [Timer-Driven Process Thread-3] o.a.n.c.s.TimerDrivenSchedulingAgent Stopped scheduling ExecuteSQLRecord[id=e092a4c8-cb14-3b52-3a74-966d4a61ba3f] to run
2026-10-02 07:03:04,857 INFO [Timer-Driven Process Thread-3] o.a.n.controller.StandardProcessorNode ExecuteSQLRecord[id=e092a4c8-cb14-3b52-3a74-966d4a61ba3f] has completely stopped. Completing any associated Futures.
2026-10-02 07:03:05,473 INFO [Timer-Driven Process Thread-1] o.a.n.c.s.StandardProcessScheduler Stopping ExecuteSQLRecord[id=56c8c3ed-da9c-37e7-2f01-6aeac801504f]
2026-10-02 07:03:05,473 INFO [Timer-Driven Process Thread-1] o.a.n.c.s.TimerDrivenSchedulingAgent Stopped scheduling ExecuteSQLRecord[id=56c8c3ed-da9c-37e7-2f01-6aeac801504f] to run
2026-10-02 07:03:05,474 INFO [Timer-Driven Process Thread-1] o.a.n.controller.StandardProcessorNode ExecuteSQLRecord[id=56c8c3ed-da9c-37e7-2f01-6aeac801504f] has completely stopped. Completing any associated Futures.
2026-10-02 07:03:06,192 INFO [Timer-Driven Process Thread-2] o.a.n.c.s.StandardProcessScheduler Stopping ExecuteSQLRecord[id=77ef6105-d086-39c3-77d4-a52bf917256b]
2026-10-02 07:03:06,192 INFO [Timer-Driven Process Thread-9] o.a.n.c.s.TimerDrivenSchedulingAgent Stopped scheduling ExecuteSQLRecord[id=77ef6105-d086-39c3-77d4-a52bf917256b] to run
2026-10-02 07:03:06,192 INFO [Timer-Driven Process Thread-9] o.a.n.controller.StandardProcessorNode ExecuteSQLRecord[id=77ef6105-d086-39c3-77d4-a52bf917256b] has completely stopped. Completing any associated Futures.
2026-10-02 07:08:56,185 INFO [Provenance Query-2] o.a.nifi.provenance.StandardQueryResult Completed Query[ [77ef6105-d086-39c3-77d4-a52bf917256b] ] comprised of 1 steps in 2 millis. Index found 1 hits. Read 1 events from Event Files.
2026-10-02 07:08:56,186 INFO [Provenance Query-2] o.a.n.provenance.index.lucene.QueryTask Successfully queried index ./provenance_repository/lucene-9-index-1790924351962 for query +processorId:77ef6105-d086-39c3-77d4-a52bf917256b; retrieved 1 events with a total of 1 hits in 3 millis
2026-10-02 07:08:56,404 INFO [Provenance Query-1] o.a.nifi.provenance.StandardQueryResult Completed Query[ [07558fdc-f5f4-3f35-3c40-93958517bbad] ] comprised of 1 steps in 130 millis. Index found 6 hits. Read 6 events from Event Files.
2026-10-02 07:08:56,404 INFO [Provenance Query-1] o.a.n.provenance.index.lucene.QueryTask Successfully queried index ./provenance_repository/lucene-9-index-1790924351962 for query +processorId:07558fdc-f5f4-3f35-3c40-93958517bbad; retrieved 6 events with a total of 6 hits in 130 millis
2026-10-02 07:09:06,421 INFO [Provenance Query-2] o.a.nifi.provenance.StandardQueryResult Completed Query[ [e092a4c8-cb14-3b52-3a74-966d4a61ba3f] ] comprised of 1 steps in 11 millis. Index found 1 hits. Read 1 events from Event Files.
2026-10-02 07:09:06,422 INFO [Provenance Query-2] o.a.n.provenance.index.lucene.QueryTask Successfully queried index ./provenance_repository/lucene-9-index-1790924351962 for query +processorId:e092a4c8-cb14-3b52-3a74-966d4a61ba3f; retrieved 1 events with a total of 1 hits in 8 millis
2026-10-02 07:09:06,484 INFO [Provenance Query-1] o.a.nifi.provenance.StandardQueryResult Completed Query[ [56c8c3ed-da9c-37e7-2f01-6aeac801504f] ] comprised of 1 steps in 2 millis. Index found 1 hits. Read 1 events from Event Files.
2026-10-02 07:09:06,485 INFO [Provenance Query-1] o.a.n.provenance.index.lucene.QueryTask Successfully queried index ./provenance_repository/lucene-9-index-1790924351962 for query +processorId:56c8c3ed-da9c-37e7-2f01-6aeac801504f; retrieved 1 events with a total of 1 hits in 2 millis
2026-10-02 07:09:06,557 INFO [Provenance Query-2] o.a.nifi.provenance.StandardQueryResult Completed Query[ [843799f5-72fe-3a8e-a2d2-07532ef03c8f] ] comprised of 1 steps in 9 millis. Index found 100 hits. Read 100 events from Event Files.
2026-10-02 07:09:06,749 INFO [Provenance Query-1] o.a.nifi.provenance.StandardQueryResult Completed Query[ [a23fb67a-8f16-3d12-bd32-e1028918c659] ] comprised of 1 steps in 2 millis. Index found 1 hits. Read 1 events from Event Files.
2026-10-02 07:09:06,749 INFO [Provenance Query-1] o.a.n.provenance.index.lucene.QueryTask Successfully queried index ./provenance_repository/lucene-9-index-1790924351962 for query +processorId:a23fb67a-8f16-3d12-bd32-e1028918c659; retrieved 1 events with a total of 1 hits in 2 millis
2026-10-02 07:09:06,805 INFO [Provenance Query-2] o.a.nifi.provenance.StandardQueryResult Completed Query[ [1ff950ef-526a-314c-1427-e921004101da] ] comprised of 1 steps in 3 millis. Index found 6 hits. Read 6 events from Event Files.
2026-10-02 07:09:06,806 INFO [Provenance Query-2] o.a.n.provenance.index.lucene.QueryTask Successfully queried index ./provenance_repository/lucene-9-index-1790924351962 for query +processorId:1ff950ef-526a-314c-1427-e921004101da; retrieved 6 events with a total of 6 hits in 3 millis
2026-10-02 07:09:06,866 INFO [Provenance Query-1] o.a.nifi.provenance.StandardQueryResult Completed Query[ [dd0e8553-f1b4-35a0-f806-c53221aa72d5] ] comprised of 1 steps in 1 millis. Index found 1 hits. Read 1 events from Event Files.
2026-10-02 07:09:06,866 INFO [Provenance Query-1] o.a.n.provenance.index.lucene.QueryTask Successfully queried index ./provenance_repository/lucene-9-index-1790924351962 for query +processorId:dd0e8553-f1b4-35a0-f806-c53221aa72d5; retrieved 1 events with a total of 1 hits in 1 millis
2026-10-02 07:09:06,920 INFO [Provenance Query-2] o.a.nifi.provenance.StandardQueryResult Completed Query[ [0f5f746a-93ef-3d2a-fad9-99cd58bbca96] ] comprised of 1 steps in 1 millis. Index found 1 hits. Read 1 events from Event Files.
2026-10-02 07:09:06,920 INFO [Provenance Query-2] o.a.n.provenance.index.lucene.QueryTask Successfully queried index ./provenance_repository/lucene-9-index-1790924351962 for query +processorId:0f5f746a-93ef-3d2a-fad9-99cd58bbca96; retrieved 1 events with a total of 1 hits in 1 millis
2026-10-02 07:09:37,898 INFO [NiFi Web Server-163] o.a.n.c.s.StandardProcessScheduler Stopping SplitText[id=07558fdc-f5f4-3f35-3c40-93958517bbad]
2026-10-02 07:09:37,899 INFO [NiFi Web Server-163] o.a.n.c.s.StandardProcessScheduler Stopping PutMongo[id=843799f5-72fe-3a8e-a2d2-07532ef03c8f]
2026-10-02 07:09:37,899 INFO [Timer-Driven Process Thread-2] o.a.n.c.s.TimerDrivenSchedulingAgent Stopped scheduling PutMongo[id=843799f5-72fe-3a8e-a2d2-07532ef03c8f] to run
2026-10-02 07:09:37,900 INFO [Timer-Driven Process Thread-2] o.a.n.controller.StandardProcessorNode PutMongo[id=843799f5-72fe-3a8e-a2d2-07532ef03c8f] has completely stopped. Completing any associated Futures.
2026-10-02 07:09:37,900 INFO [Timer-Driven Process Thread-4] o.a.n.c.s.TimerDrivenSchedulingAgent Stopped scheduling SplitText[id=07558fdc-f5f4-3f35-3c40-93958517bbad] to run
2026-10-02 07:09:37,901 INFO [Timer-Driven Process Thread-4] o.a.n.controller.StandardProcessorNode SplitText[id=07558fdc-f5f4-3f35-3c40-93958517bbad] has completely stopped. Completing any associated Futures.
2026-10-02 07:09:37,959 INFO [NiFi Web Server-163] o.a.n.c.s.StandardProcessScheduler Stopping PutMongoRecord[id=1ff950ef-526a-314c-1427-e921004101da]
2026-10-02 07:09:37,960 INFO [Timer-Driven Process Thread-3] o.a.n.c.s.TimerDrivenSchedulingAgent Stopped scheduling PutMongoRecord[id=1ff950ef-526a-314c-1427-e921004101da] to run
2026-10-02 07:09:37,960 INFO [Timer-Driven Process Thread-3] o.a.n.controller.StandardProcessorNode PutMongoRecord[id=1ff950ef-526a-314c-1427-e921004101da] has completely stopped. Completing any associated Futures.
